// Vitest Snapshot v1, https://vitest.dev/guide/snapshot.html

exports[`period primitive — zero-diff gate > headline figures, asserted explicitly so the gate survives a snapshot regeneration 1`] = `
{
  "alertIds": [
    "balance-tb1",
    "ef-underfunded",
    "renewal-r1",
    "renewal-r2",
  ],
  "balanceCheckDiscrepancy": [
    -40,
  ],
  "budgetRollover": {
    "needs": 3335,
    "savings": 1790,
    "wants": 2941.046511627907,
  },
  "budgetTargets": {
    "needs": 1625,
    "savings": 650,
    "wants": 975,
  },
  "efRemaining": 3875,
  "effectiveBudgetTargets": {
    "needs": 4960,
    "savings": 2440,
    "wants": 3916.046511627907,
  },
  "healthScore": 52,
  "monthIncome": 3250,
  "needsSpend": 620,
  "netCashFlow": 2210,
  "netWorthTrendKeys": [
    "2026-05",
    "2026-06",
    "2026-07",
    "2026-08",
    "2026-09",
  ],
  "pacePctOfMonthElapsed": [
    43,
    43,
    43,
  ],
  "paceStatuses": [
    "ok",
    "ok",
    "watch",
  ],
  "periodMonth": 9,
  "periodYear": 2026,
  "savingsContrib": 150,
  "sixMonthTrendKeys": [
    202604,
    202605,
    202606,
    202607,
    202608,
    202609,
  ],
  "sixMonthTrendSpend": [
    1180,
    1500,
    1353.95,
    1180,
    1760,
    1040,
  ],
  "streakCounts": [],
  "wantsSpend": 270,
}
`;

exports[`period primitive — zero-diff gate > the entire computeDashboard payload is unchanged 1`] = `
{
  "alerts": [
    {
      "id": "ef-underfunded",
      "message": "Safety net is only 21% funded",
      "screen": "setup",
      "severity": "critical",
    },
    {
      "id": "renewal-r1",
      "message": "Rent is 9 payments overdue",
      "screen": "overview",
      "severity": "critical",
    },
    {
      "id": "renewal-r2",
      "message": "Uni is overdue",
      "screen": "overview",
      "severity": "critical",
    },
    {
      "id": "balance-tb1",
      "message": "Wallet doesn't match what you logged",
      "screen": "balancecheck",
      "severity": "warning",
    },
  ],
  "anchor": "2026-09-12T21:00:00.000Z",
  "balanceChecks": [
    {
      "actual": 700,
      "actualDate": "2026-09-05T00:00:00.000Z",
      "changeSinceCheck": -1900,
      "currency": "USD",
      "discrepancy": -40,
      "expected": -1160,
      "id": "tb1",
      "name": "Wallet",
    },
  ],
  "budgetPace": [
    {
      "bucket": "NEEDS",
      "label": "Needs",
      "message": "Needs spending is on pace (13% used, 43% of the month elapsed).",
      "pctOfBudgetUsed": 13,
      "pctOfMonthElapsed": 43,
      "projectedPct": 29,
      "status": "ok",
    },
    {
      "bucket": "WANTS",
      "label": "Wants",
      "message": "Wants spending is on pace (7% used, 43% of the month elapsed).",
      "pctOfBudgetUsed": 7,
      "pctOfMonthElapsed": 43,
      "projectedPct": 16,
      "status": "ok",
    },
    {
      "bucket": "SAVINGS",
      "label": "Savings",
      "message": "On pace for 14% of this month's savings target.",
      "pctOfBudgetUsed": 6,
      "pctOfMonthElapsed": 43,
      "projectedPct": 14,
      "status": "watch",
    },
  ],
  "budgetRollover": {
    "needs": 3335,
    "savings": 1790,
    "wants": 2941.046511627907,
  },
  "budgetRule": "50-30-20",
  "budgetTargetPct": {
    "needs": 50,
    "savings": 20,
    "wants": 30,
  },
  "budgetTargets": {
    "needs": 1625,
    "savings": 650,
    "wants": 975,
  },
  "debt": {
    "comparison": {
      "avalanche": {
        "debtFreeDateDisplay": "13-12-2026",
        "feasible": true,
        "months": 3,
        "totalInterest": 58.66,
      },
      "avalancheSavesVsSnowball": 0,
      "snowball": {
        "debtFreeDateDisplay": "13-12-2026",
        "feasible": true,
        "months": 3,
        "totalInterest": 58.66,
      },
    },
    "count": 1,
    "plan": {
      "debtFreeDateDisplay": "13-12-2026",
      "feasible": true,
      "monthlyCommitment": 723,
      "months": 3,
      "totalInterest": 58.66,
    },
    "totalBalance": 2000,
  },
  "effectiveBudgetTargets": {
    "needs": 4960,
    "savings": 2440,
    "wants": 3916.046511627907,
  },
  "emergencyFund": {
    "balance": 1000,
    "coverageMonths": 0.6,
    "pctFunded": 21,
    "remaining": 3875,
    "targetAmount": 4875,
    "targetMonths": 3,
  },
  "encouragements": [
    "4.6% saved this month. Small, but it's real. The habit matters more than the amount right now.",
    "Safety net at 21%. Even a partial buffer changes how you handle surprises.",
  ],
  "goals": [
    {
      "currency": "USD",
      "currentAmount": 500,
      "emoji": null,
      "id": 1,
      "name": "Trip",
      "paused": false,
      "projection": {
        "monthsRemaining": 11,
        "onTrack": false,
        "paceRatio": 0.24,
        "pctComplete": 13,
        "requiredMonthly": 318,
        "targetDateDisplay": "01-08-2027",
      },
      "targetAmount": 4000,
      "type": "SAVINGS",
    },
    {
      "currency": "USD",
      "currentAmount": 0,
      "emoji": null,
      "id": 2,
      "name": "Laptop",
      "paused": false,
      "projection": {
        "monthsRemaining": 5,
        "onTrack": false,
        "paceRatio": 0.24,
        "pctComplete": 0,
        "requiredMonthly": 300,
        "targetDateDisplay": "01-02-2027",
      },
      "targetAmount": 1500,
      "type": "SAVINGS",
    },
  ],
  "hasLoggedTransactions": true,
  "health": {
    "components": [
      {
        "detail": "4.6% of income saved (target 20% of income)",
        "key": "savings",
        "label": "Savings rate",
        "score": 23,
        "weight": 25,
      },
      {
        "detail": "Essentials take 19% of income (target ≤50%)",
        "key": "needs",
        "label": "Needs discipline",
        "score": 100,
        "weight": 20,
      },
      {
        "detail": "Safety net 21% funded",
        "key": "ef",
        "label": "Safety net",
        "score": 21,
        "weight": 25,
      },
      {
        "detail": "Debt payments are 2% of income",
        "key": "debt",
        "label": "Debt pressure",
        "score": 93,
        "weight": 20,
      },
      {
        "detail": "Paced against your total Savings, shared across 2 active goals",
        "key": "goals",
        "label": "Goal momentum",
        "score": 24,
        "weight": 10,
      },
    ],
    "grade": "Gaining ground",
    "score": 52,
  },
  "month": {
    "income": 3250,
    "needsSpend": 620,
    "netCashFlow": 2210,
    "savingsContrib": 150,
    "savingsRatePct": 4.615384615384616,
    "totalSpend": 1040,
    "wantsSpend": 270,
  },
  "netWorth": {
    "assets": 1500,
    "liabilities": 2000,
    "max": 0,
    "suggestions": [
      "You're close to zero: that milestone shifts your psychology entirely.",
      "Focus on one debt at a time to cross into positive territory fast.",
      "Celebrate each debt closed: that freed cash is your first wealth-building tool.",
    ],
    "tier": "Almost positive",
    "tierColor": "brass",
    "total": -500,
  },
  "netWorthTrend": [
    {
      "value": 400,
      "ym": "2026-05",
    },
    {
      "value": 700,
      "ym": "2026-06",
    },
    {
      "value": 900,
      "ym": "2026-07",
    },
    {
      "value": 1100,
      "ym": "2026-08",
    },
    {
      "value": -500,
      "ym": "2026-09",
    },
  ],
  "period": {
    "month": 9,
    "year": 2026,
  },
  "sixMonthTrend": [
    {
      "income": 2400,
      "savingsContrib": 300,
      "spend": 1180,
      "ymKey": 202604,
    },
    {
      "income": 2400,
      "savingsContrib": 250,
      "spend": 1500,
      "ymKey": 202605,
    },
    {
      "income": 3000,
      "savingsContrib": 400,
      "spend": 1353.953488372093,
      "ymKey": 202606,
    },
    {
      "income": 3000,
      "savingsContrib": 0,
      "spend": 1180,
      "ymKey": 202607,
    },
    {
      "income": 3000,
      "savingsContrib": 500,
      "spend": 1760,
      "ymKey": 202608,
    },
    {
      "income": 3250,
      "savingsContrib": 150,
      "spend": 1040,
      "ymKey": 202609,
    },
  ],
  "streaks": [],
  "upcomingRenewals": [
    {
      "amount": 700,
      "currency": "USD",
      "dueDate": "2026-01-01",
      "dueInDays": -255,
      "emoji": "R",
      "id": "r1",
      "name": "Rent",
      "overdueCount": 9,
    },
    {
      "amount": 750,
      "currency": "USD",
      "dueDate": "2026-09-01",
      "dueInDays": -12,
      "emoji": "U",
      "id": "r2",
      "name": "Uni",
      "overdueCount": 1,
    },
  ],
  "user": {
    "currency": "USD",
    "name": "Zero Diff",
    "payoffStrategy": "AVALANCHE",
  },
}
`;
